rm -rf *.ll output*.* *.dot klee-out-*/ klee-last *.svg *.bc .*.dot 
/cfmse/llvm-project-cfmse/build_cfmse/bin/clang -I /cfmse/klee/build/../include -emit-llvm -S -Xclang -disable-O0-optnone -g -DSIZE=50 toupper.c
/cfmse/llvm-project-cfmse/build_cfmse/bin/opt -f -enable-new-pm -mem2reg -S -o toupper_nosm.ll < toupper.ll
/cfmse/llvm-project-cfmse/build_cfmse/bin/clang -I /cfmse/klee/build/../include -emit-llvm -S -Xclang -disable-O0-optnone -g -DSIZE=50 -DMERGE toupper.c
/cfmse/llvm-project-cfmse/build_cfmse/bin/opt -f -enable-new-pm -mem2reg -S -o toupper_sm.ll < toupper.ll
/cfmse/llvm-project-cfmse/build_cfmse/bin/clang -I /cfmse/klee/build/../include -emit-llvm -S -Xclang -disable-O0-optnone -g -DSIZE=50 -DVERIFY toupper.c
toupper.c:74:5: warning: implicit declaration of function '__assert_fail' is invalid in C99 [-Wimplicit-function-declaration]
    klee_assert(!((text[i] >= 'a') & (text[i] <= 'z')));
    ^
/cfmse/klee/build/../include/klee/klee.h:96:6: note: expanded from macro 'klee_assert'
   : __assert_fail (#expr, __FILE__, __LINE__, __PRETTY_FUNCTION__))    \
     ^
1 warning generated.
/cfmse/llvm-project-cfmse/build_cfmse/bin/opt -f -enable-new-pm -mem2reg -S -o toupper_nosm_verify.ll < toupper.ll
/cfmse/llvm-project-cfmse/build_cfmse/bin/clang -I /cfmse/klee/build/../include -emit-llvm -S -Xclang -disable-O0-optnone -g -DSIZE=50 -DMERGE -DVERIFY toupper.c
toupper.c:74:5: warning: implicit declaration of function '__assert_fail' is invalid in C99 [-Wimplicit-function-declaration]
    klee_assert(!((text[i] >= 'a') & (text[i] <= 'z')));
    ^
/cfmse/klee/build/../include/klee/klee.h:96:6: note: expanded from macro 'klee_assert'
   : __assert_fail (#expr, __FILE__, __LINE__, __PRETTY_FUNCTION__))    \
     ^
1 warning generated.
/cfmse/llvm-project-cfmse/build_cfmse/bin/opt -f -enable-new-pm -mem2reg -S -o toupper_sm_verify.ll < toupper.ll
