time /cfmse/klee/build/bin/klee --max-memory=51200  --write-cov --max-time=10s --solver-backend=stp --dump-states-on-halt=false --only-output-states-covering-new --output-dir=/artifact/kick-the-tire/cfmse-experiments/01272026_220611_toupper_klee/klee_10_1  toupper_nosm.ll
KLEE: output directory is "/artifact/kick-the-tire/cfmse-experiments/01272026_220611_toupper_klee/klee_10_1"
KLEE: Using STP solver backend
INFO[cfmse]: Removing non line table debug info ...
KLEE: WARNING ONCE: Alignment of memory from call "malloc" is not modelled. Using alignment of 8.

KLEE: done: total instructions = 38887
KLEE: done: completed paths = 1024
KLEE: done: partially completed paths = 0
KLEE: done: generated tests = 3

real	0m0.114s
user	0m0.095s
sys	0m0.018s
/cfmse/klee/build/bin/klee --max-memory=51200 --write-cov --max-time=10s --solver-backend=stp --dump-states-on-halt=false --only-output-states-covering-new --output-dir=/artifact/kick-the-tire/cfmse-experiments/01272026_220611_toupper_klee/klee_10_1 toupper_nosm.ll
PID: 13637
Using monotonic steady clock with 1/1000000000s resolution
Started: 2026-01-27 22:06:11
BEGIN searcher description
<InterleavedSearcher> containing 2 searchers:
RandomPathSearcher
WeightedRandomSearcher::CoveringNew
</InterleavedSearcher>
END searcher description
Finished: 2026-01-27 22:06:11
Elapsed: 00:00:00
KLEE: done: explored paths = 1024
KLEE: done: avg. constructs per query = 11
KLEE: done: total queries = 11
KLEE: done: valid queries = 0
KLEE: done: invalid queries = 11
KLEE: done: query cex = 11

KLEE: done: total instructions = 38887
KLEE: done: completed paths = 1024
KLEE: done: partially completed paths = 0
KLEE: done: generated tests = 3
