time /cfmse/klee/build/bin/klee -use-merge --max-memory=51200  --write-cov --max-time=10s --solver-backend=stp --dump-states-on-halt=false --only-output-states-covering-new --output-dir=/artifact/kick-the-tire/cfmse-experiments/01272026_220610_toupper_klee_cfmsm/klee_cfmsm_50_1 -klee-cfmse -klee-cfmse-loads-symbolic   toupper_sm.ll
KLEE: output directory is "/artifact/kick-the-tire/cfmse-experiments/01272026_220610_toupper_klee_cfmsm/klee_cfmsm_50_1"
KLEE: Using STP solver backend
KLEE: WARNING: --use-merge enabled. Using NURS_CovNew as default searcher.
INFO[cfmse]: Removing non line table debug info ...
INFO[cfmse]: Running CFMSE ...
INFO[cfmse]: Select Instructions before CFMSE : 0
INFO[cfmse]: Cond Branch Instructions before CFMSE : 2
INFO[cfmse]: Uncond Branch Instructions before CFMSE : 3
INFO[cfmse]: Total Instructions before CFMSE : 50
INFO[cfmse]: Number of successful applications of CFMSE : 1
INFO[cfmse]: Number of if-then merges : 1
INFO[cfmse]: Number of if-then-else merges : 0
INFO[cfmse]: Number of select instructions added : 1
INFO[cfmse]: Select Instructions after CFMSE : 1
INFO[cfmse]: Cond Branch Instructions after CFMSE : 1
INFO[cfmse]: Uncond Branch Instructions after CFMSE : 3
INFO[cfmse]: Total Instructions after CFMSE : 46
CFMSE took 0.000000e+00 ms.
KLEE: WARNING ONCE: Alignment of memory from call "malloc" is not modelled. Using alignment of 8.

KLEE: done: total instructions = 1715
KLEE: done: completed paths = 1
KLEE: done: partially completed paths = 0
KLEE: done: generated tests = 1

real	0m0.011s
user	0m0.006s
sys	0m0.004s
/cfmse/klee/build/bin/klee -use-merge --max-memory=51200 --write-cov --max-time=10s --solver-backend=stp --dump-states-on-halt=false --only-output-states-covering-new --output-dir=/artifact/kick-the-tire/cfmse-experiments/01272026_220610_toupper_klee_cfmsm/klee_cfmsm_50_1 -klee-cfmse -klee-cfmse-loads-symbolic toupper_sm.ll
PID: 13593
Using monotonic steady clock with 1/1000000000s resolution
Started: 2026-01-27 22:06:10
BEGIN searcher description
MergingSearcher
END searcher description
Finished: 2026-01-27 22:06:10
Elapsed: 00:00:00
KLEE: done: explored paths = 1
KLEE: done: total queries = 0
KLEE: done: valid queries = 0
KLEE: done: invalid queries = 0
KLEE: done: query cex = 0

KLEE: done: total instructions = 1715
KLEE: done: completed paths = 1
KLEE: done: partially completed paths = 0
KLEE: done: generated tests = 1
