time /cfmse/klee/build/bin/klee --max-memory=51200  --write-cov --max-time=10s --solver-backend=stp --dump-states-on-halt=false --only-output-states-covering-new --output-dir=/artifact/kick-the-tire/cfmse-experiments/01272026_220611_toupper_klee/klee_50_1  toupper_nosm.ll
KLEE: output directory is "/artifact/kick-the-tire/cfmse-experiments/01272026_220611_toupper_klee/klee_50_1"
KLEE: Using STP solver backend
INFO[cfmse]: Removing non line table debug info ...
KLEE: WARNING ONCE: Alignment of memory from call "malloc" is not modelled. Using alignment of 8.
KLEE: HaltTimer invoked

KLEE: done: total instructions = 4588735
KLEE: done: completed paths = 0
KLEE: done: partially completed paths = 131625
KLEE: done: generated tests = 0

real	0m10.072s
user	0m9.863s
sys	0m0.207s
/cfmse/klee/build/bin/klee --max-memory=51200 --write-cov --max-time=10s --solver-backend=stp --dump-states-on-halt=false --only-output-states-covering-new --output-dir=/artifact/kick-the-tire/cfmse-experiments/01272026_220611_toupper_klee/klee_50_1 toupper_nosm.ll
PID: 13669
Using monotonic steady clock with 1/1000000000s resolution
Started: 2026-01-27 22:06:11
BEGIN searcher description
<InterleavedSearcher> containing 2 searchers:
RandomPathSearcher
WeightedRandomSearcher::CoveringNew
</InterleavedSearcher>
END searcher description
Finished: 2026-01-27 22:06:21
Elapsed: 00:00:10
KLEE: done: explored paths = 131625
KLEE: done: avg. constructs per query = 11
KLEE: done: total queries = 20
KLEE: done: valid queries = 0
KLEE: done: invalid queries = 20
KLEE: done: query cex = 20

KLEE: done: total instructions = 4588735
KLEE: done: completed paths = 0
KLEE: done: partially completed paths = 131625
KLEE: done: generated tests = 0
